Archive member included because of file (symbol)

c:/program files (x86)/atmel/atmel toolchain/avr8 gcc/native/3.4.1061/avr8-gnu-toolchain/bin/../lib/gcc/avr/4.8.1/avr5\libgcc.a(_exit.o)
                              c:/program files (x86)/atmel/atmel toolchain/avr8 gcc/native/3.4.1061/avr8-gnu-toolchain/bin/../lib/gcc/avr/4.8.1/../../../../avr/lib/avr5/crtm32a.o (exit)
c:/program files (x86)/atmel/atmel toolchain/avr8 gcc/native/3.4.1061/avr8-gnu-toolchain/bin/../lib/gcc/avr/4.8.1/avr5\libgcc.a(_tablejump.o)
                              MCAL/Timer/Timer.o (__tablejump2__)
c:/program files (x86)/atmel/atmel toolchain/avr8 gcc/native/3.4.1061/avr8-gnu-toolchain/bin/../lib/gcc/avr/4.8.1/avr5\libgcc.a(_copy_data.o)
                              SL/TMU/TMU.o (__do_copy_data)
c:/program files (x86)/atmel/atmel toolchain/avr8 gcc/native/3.4.1061/avr8-gnu-toolchain/bin/../lib/gcc/avr/4.8.1/avr5\libgcc.a(_clear_bss.o)
                              MCAL/CPUSLEEP/CPUSleep.o (__do_clear_bss)

Discarded input sections

 .data          0x00000000        0x0 c:/program files (x86)/atmel/atmel toolchain/avr8 gcc/native/3.4.1061/avr8-gnu-toolchain/bin/../lib/gcc/avr/4.8.1/../../../../avr/lib/avr5/crtm32a.o
 .bss           0x00000000        0x0 c:/program files (x86)/atmel/atmel toolchain/avr8 gcc/native/3.4.1061/avr8-gnu-toolchain/bin/../lib/gcc/avr/4.8.1/../../../../avr/lib/avr5/crtm32a.o
 .text          0x00000000        0x0 MCAL/CPUSLEEP/CPUSleep.o
 .data          0x00000000        0x0 MCAL/CPUSLEEP/CPUSleep.o
 .bss           0x00000000        0x0 MCAL/CPUSLEEP/CPUSleep.o
 .text.CPUSleep_Deinit
                0x00000000        0xe MCAL/CPUSLEEP/CPUSleep.o
 .text.CPUSleep_disable
                0x00000000        0xa MCAL/CPUSLEEP/CPUSleep.o
 .text          0x00000000        0x0 MCAL/DIO/DIO.o
 .data          0x00000000        0x0 MCAL/DIO/DIO.o
 .bss           0x00000000        0x0 MCAL/DIO/DIO.o
 .text.DIO_Read
                0x00000000       0x4e MCAL/DIO/DIO.o
 .text          0x00000000        0x0 MCAL/Timer/Timer.o
 .data          0x00000000        0x0 MCAL/Timer/Timer.o
 .bss           0x00000000        0x0 MCAL/Timer/Timer.o
 .text.Timer_GetStatus
                0x00000000       0x3c MCAL/Timer/Timer.o
 .text.Timer_GetValue
                0x00000000       0x48 MCAL/Timer/Timer.o
 .text          0x00000000        0x0 main.o
 .data          0x00000000        0x0 main.o
 .bss           0x00000000        0x0 main.o
 .text          0x00000000        0x0 SL/TMU/TMU.o
 .data          0x00000000        0x0 SL/TMU/TMU.o
 .bss           0x00000000        0x0 SL/TMU/TMU.o
 .text.TMU_Deinit
                0x00000000       0x2a SL/TMU/TMU.o
 .text.TMU_Stop
                0x00000000       0xa6 SL/TMU/TMU.o
 .text          0x00000000        0x0 SL/TMU/TMU_LCfg.o
 .data          0x00000000        0x0 SL/TMU/TMU_LCfg.o
 .bss           0x00000000        0x0 SL/TMU/TMU_LCfg.o
 .text          0x00000000        0x0 c:/program files (x86)/atmel/atmel toolchain/avr8 gcc/native/3.4.1061/avr8-gnu-toolchain/bin/../lib/gcc/avr/4.8.1/avr5\libgcc.a(_exit.o)
 .data          0x00000000        0x0 c:/program files (x86)/atmel/atmel toolchain/avr8 gcc/native/3.4.1061/avr8-gnu-toolchain/bin/../lib/gcc/avr/4.8.1/avr5\libgcc.a(_exit.o)
 .bss           0x00000000        0x0 c:/program files (x86)/atmel/atmel toolchain/avr8 gcc/native/3.4.1061/avr8-gnu-toolchain/bin/../lib/gcc/avr/4.8.1/avr5\libgcc.a(_exit.o)
 .text.libgcc.mul
                0x00000000        0x0 c:/program files (x86)/atmel/atmel toolchain/avr8 gcc/native/3.4.1061/avr8-gnu-toolchain/bin/../lib/gcc/avr/4.8.1/avr5\libgcc.a(_exit.o)
 .text.libgcc.div
                0x00000000        0x0 c:/program files (x86)/atmel/atmel toolchain/avr8 gcc/native/3.4.1061/avr8-gnu-toolchain/bin/../lib/gcc/avr/4.8.1/avr5\libgcc.a(_exit.o)
 .text.libgcc   0x00000000        0x0 c:/program files (x86)/atmel/atmel toolchain/avr8 gcc/native/3.4.1061/avr8-gnu-toolchain/bin/../lib/gcc/avr/4.8.1/avr5\libgcc.a(_exit.o)
 .text.libgcc.prologue
                0x00000000        0x0 c:/program files (x86)/atmel/atmel toolchain/avr8 gcc/native/3.4.1061/avr8-gnu-toolchain/bin/../lib/gcc/avr/4.8.1/avr5\libgcc.a(_exit.o)
 .text.libgcc.builtins
                0x00000000        0x0 c:/program files (x86)/atmel/atmel toolchain/avr8 gcc/native/3.4.1061/avr8-gnu-toolchain/bin/../lib/gcc/avr/4.8.1/avr5\libgcc.a(_exit.o)
 .text.libgcc.fmul
                0x00000000        0x0 c:/program files (x86)/atmel/atmel toolchain/avr8 gcc/native/3.4.1061/avr8-gnu-toolchain/bin/../lib/gcc/avr/4.8.1/avr5\libgcc.a(_exit.o)
 .text.libgcc.fixed
                0x00000000        0x0 c:/program files (x86)/atmel/atmel toolchain/avr8 gcc/native/3.4.1061/avr8-gnu-toolchain/bin/../lib/gcc/avr/4.8.1/avr5\libgcc.a(_exit.o)
 .text          0x00000000        0x0 c:/program files (x86)/atmel/atmel toolchain/avr8 gcc/native/3.4.1061/avr8-gnu-toolchain/bin/../lib/gcc/avr/4.8.1/avr5\libgcc.a(_tablejump.o)
 .data          0x00000000        0x0 c:/program files (x86)/atmel/atmel toolchain/avr8 gcc/native/3.4.1061/avr8-gnu-toolchain/bin/../lib/gcc/avr/4.8.1/avr5\libgcc.a(_tablejump.o)
 .bss           0x00000000        0x0 c:/program files (x86)/atmel/atmel toolchain/avr8 gcc/native/3.4.1061/avr8-gnu-toolchain/bin/../lib/gcc/avr/4.8.1/avr5\libgcc.a(_tablejump.o)
 .text.libgcc.mul
                0x00000000        0x0 c:/program files (x86)/atmel/atmel toolchain/avr8 gcc/native/3.4.1061/avr8-gnu-toolchain/bin/../lib/gcc/avr/4.8.1/avr5\libgcc.a(_tablejump.o)
 .text.libgcc.div
                0x00000000        0x0 c:/program files (x86)/atmel/atmel toolchain/avr8 gcc/native/3.4.1061/avr8-gnu-toolchain/bin/../lib/gcc/avr/4.8.1/avr5\libgcc.a(_tablejump.o)
 .text.libgcc.prologue
                0x00000000        0x0 c:/program files (x86)/atmel/atmel toolchain/avr8 gcc/native/3.4.1061/avr8-gnu-toolchain/bin/../lib/gcc/avr/4.8.1/avr5\libgcc.a(_tablejump.o)
 .text.libgcc.builtins
                0x00000000        0x0 c:/program files (x86)/atmel/atmel toolchain/avr8 gcc/native/3.4.1061/avr8-gnu-toolchain/bin/../lib/gcc/avr/4.8.1/avr5\libgcc.a(_tablejump.o)
 .text.libgcc.fmul
                0x00000000        0x0 c:/program files (x86)/atmel/atmel toolchain/avr8 gcc/native/3.4.1061/avr8-gnu-toolchain/bin/../lib/gcc/avr/4.8.1/avr5\libgcc.a(_tablejump.o)
 .text.libgcc.fixed
                0x00000000        0x0 c:/program files (x86)/atmel/atmel toolchain/avr8 gcc/native/3.4.1061/avr8-gnu-toolchain/bin/../lib/gcc/avr/4.8.1/avr5\libgcc.a(_tablejump.o)
 .text          0x00000000        0x0 c:/program files (x86)/atmel/atmel toolchain/avr8 gcc/native/3.4.1061/avr8-gnu-toolchain/bin/../lib/gcc/avr/4.8.1/avr5\libgcc.a(_copy_data.o)
 .data          0x00000000        0x0 c:/program files (x86)/atmel/atmel toolchain/avr8 gcc/native/3.4.1061/avr8-gnu-toolchain/bin/../lib/gcc/avr/4.8.1/avr5\libgcc.a(_copy_data.o)
 .bss           0x00000000        0x0 c:/program files (x86)/atmel/atmel toolchain/avr8 gcc/native/3.4.1061/avr8-gnu-toolchain/bin/../lib/gcc/avr/4.8.1/avr5\libgcc.a(_copy_data.o)
 .text.libgcc.mul
                0x00000000        0x0 c:/program files (x86)/atmel/atmel toolchain/avr8 gcc/native/3.4.1061/avr8-gnu-toolchain/bin/../lib/gcc/avr/4.8.1/avr5\libgcc.a(_copy_data.o)
 .text.libgcc.div
                0x00000000        0x0 c:/program files (x86)/atmel/atmel toolchain/avr8 gcc/native/3.4.1061/avr8-gnu-toolchain/bin/../lib/gcc/avr/4.8.1/avr5\libgcc.a(_copy_data.o)
 .text.libgcc   0x00000000        0x0 c:/program files (x86)/atmel/atmel toolchain/avr8 gcc/native/3.4.1061/avr8-gnu-toolchain/bin/../lib/gcc/avr/4.8.1/avr5\libgcc.a(_copy_data.o)
 .text.libgcc.prologue
                0x00000000        0x0 c:/program files (x86)/atmel/atmel toolchain/avr8 gcc/native/3.4.1061/avr8-gnu-toolchain/bin/../lib/gcc/avr/4.8.1/avr5\libgcc.a(_copy_data.o)
 .text.libgcc.builtins
                0x00000000        0x0 c:/program files (x86)/atmel/atmel toolchain/avr8 gcc/native/3.4.1061/avr8-gnu-toolchain/bin/../lib/gcc/avr/4.8.1/avr5\libgcc.a(_copy_data.o)
 .text.libgcc.fmul
                0x00000000        0x0 c:/program files (x86)/atmel/atmel toolchain/avr8 gcc/native/3.4.1061/avr8-gnu-toolchain/bin/../lib/gcc/avr/4.8.1/avr5\libgcc.a(_copy_data.o)
 .text.libgcc.fixed
                0x00000000        0x0 c:/program files (x86)/atmel/atmel toolchain/avr8 gcc/native/3.4.1061/avr8-gnu-toolchain/bin/../lib/gcc/avr/4.8.1/avr5\libgcc.a(_copy_data.o)
 .text          0x00000000        0x0 c:/program files (x86)/atmel/atmel toolchain/avr8 gcc/native/3.4.1061/avr8-gnu-toolchain/bin/../lib/gcc/avr/4.8.1/avr5\libgcc.a(_clear_bss.o)
 .data          0x00000000        0x0 c:/program files (x86)/atmel/atmel toolchain/avr8 gcc/native/3.4.1061/avr8-gnu-toolchain/bin/../lib/gcc/avr/4.8.1/avr5\libgcc.a(_clear_bss.o)
 .bss           0x00000000        0x0 c:/program files (x86)/atmel/atmel toolchain/avr8 gcc/native/3.4.1061/avr8-gnu-toolchain/bin/../lib/gcc/avr/4.8.1/avr5\libgcc.a(_clear_bss.o)
 .text.libgcc.mul
                0x00000000        0x0 c:/program files (x86)/atmel/atmel toolchain/avr8 gcc/native/3.4.1061/avr8-gnu-toolchain/bin/../lib/gcc/avr/4.8.1/avr5\libgcc.a(_clear_bss.o)
 .text.libgcc.div
                0x00000000        0x0 c:/program files (x86)/atmel/atmel toolchain/avr8 gcc/native/3.4.1061/avr8-gnu-toolchain/bin/../lib/gcc/avr/4.8.1/avr5\libgcc.a(_clear_bss.o)
 .text.libgcc   0x00000000        0x0 c:/program files (x86)/atmel/atmel toolchain/avr8 gcc/native/3.4.1061/avr8-gnu-toolchain/bin/../lib/gcc/avr/4.8.1/avr5\libgcc.a(_clear_bss.o)
 .text.libgcc.prologue
                0x00000000        0x0 c:/program files (x86)/atmel/atmel toolchain/avr8 gcc/native/3.4.1061/avr8-gnu-toolchain/bin/../lib/gcc/avr/4.8.1/avr5\libgcc.a(_clear_bss.o)
 .text.libgcc.builtins
                0x00000000        0x0 c:/program files (x86)/atmel/atmel toolchain/avr8 gcc/native/3.4.1061/avr8-gnu-toolchain/bin/../lib/gcc/avr/4.8.1/avr5\libgcc.a(_clear_bss.o)
 .text.libgcc.fmul
                0x00000000        0x0 c:/program files (x86)/atmel/atmel toolchain/avr8 gcc/native/3.4.1061/avr8-gnu-toolchain/bin/../lib/gcc/avr/4.8.1/avr5\libgcc.a(_clear_bss.o)
 .text.libgcc.fixed
                0x00000000        0x0 c:/program files (x86)/atmel/atmel toolchain/avr8 gcc/native/3.4.1061/avr8-gnu-toolchain/bin/../lib/gcc/avr/4.8.1/avr5\libgcc.a(_clear_bss.o)

Memory Configuration

Name             Origin             Length             Attributes
text             0x00000000         0x00020000         xr
data             0x00800060         0x0000ffa0         rw !x
eeprom           0x00810000         0x00010000         rw !x
fuse             0x00820000         0x00000400         rw !x
lock             0x00830000         0x00000400         rw !x
signature        0x00840000         0x00000400         rw !x
user_signatures  0x00850000         0x00000400         rw !x
*default*        0x00000000         0xffffffff

Linker script and memory map

LOAD c:/program files (x86)/atmel/atmel toolchain/avr8 gcc/native/3.4.1061/avr8-gnu-toolchain/bin/../lib/gcc/avr/4.8.1/../../../../avr/lib/avr5/crtm32a.o
LOAD MCAL/CPUSLEEP/CPUSleep.o
LOAD MCAL/DIO/DIO.o
LOAD MCAL/Timer/Timer.o
LOAD main.o
LOAD SL/TMU/TMU.o
LOAD SL/TMU/TMU_LCfg.o
START GROUP
LOAD c:/program files (x86)/atmel/atmel toolchain/avr8 gcc/native/3.4.1061/avr8-gnu-toolchain/bin/../lib/gcc/avr/4.8.1/../../../../avr/lib/avr5\libm.a
END GROUP
START GROUP
LOAD c:/program files (x86)/atmel/atmel toolchain/avr8 gcc/native/3.4.1061/avr8-gnu-toolchain/bin/../lib/gcc/avr/4.8.1/avr5\libgcc.a
LOAD c:/program files (x86)/atmel/atmel toolchain/avr8 gcc/native/3.4.1061/avr8-gnu-toolchain/bin/../lib/gcc/avr/4.8.1/../../../../avr/lib/avr5\libm.a
LOAD c:/program files (x86)/atmel/atmel toolchain/avr8 gcc/native/3.4.1061/avr8-gnu-toolchain/bin/../lib/gcc/avr/4.8.1/../../../../avr/lib/avr5\libc.a
END GROUP

.hash
 *(.hash)

.dynsym
 *(.dynsym)

.dynstr
 *(.dynstr)

.gnu.version
 *(.gnu.version)

.gnu.version_d
 *(.gnu.version_d)

.gnu.version_r
 *(.gnu.version_r)

.rel.init
 *(.rel.init)

.rela.init
 *(.rela.init)

.rel.text
 *(.rel.text)
 *(.rel.text.*)
 *(.rel.gnu.linkonce.t*)

.rela.text
 *(.rela.text)
 *(.rela.text.*)
 *(.rela.gnu.linkonce.t*)

.rel.fini
 *(.rel.fini)

.rela.fini
 *(.rela.fini)

.rel.rodata
 *(.rel.rodata)
 *(.rel.rodata.*)
 *(.rel.gnu.linkonce.r*)

.rela.rodata
 *(.rela.rodata)
 *(.rela.rodata.*)
 *(.rela.gnu.linkonce.r*)

.rel.data
 *(.rel.data)
 *(.rel.data.*)
 *(.rel.gnu.linkonce.d*)

.rela.data
 *(.rela.data)
 *(.rela.data.*)
 *(.rela.gnu.linkonce.d*)

.rel.ctors
 *(.rel.ctors)

.rela.ctors
 *(.rela.ctors)

.rel.dtors
 *(.rel.dtors)

.rela.dtors
 *(.rela.dtors)

.rel.got
 *(.rel.got)

.rela.got
 *(.rela.got)

.rel.bss
 *(.rel.bss)

.rela.bss
 *(.rela.bss)

.rel.plt
 *(.rel.plt)

.rela.plt
 *(.rela.plt)

.text           0x00000000      0x9a0
 *(.vectors)
 .vectors       0x00000000       0x54 c:/program files (x86)/atmel/atmel toolchain/avr8 gcc/native/3.4.1061/avr8-gnu-toolchain/bin/../lib/gcc/avr/4.8.1/../../../../avr/lib/avr5/crtm32a.o
                0x00000000                __vector_default
                0x00000000                __vectors
 *(.vectors)
 *(.progmem.gcc*)
 .progmem.gcc_sw_table.Timer_Init
                0x00000054        0xe MCAL/Timer/Timer.o
                0x00000062                . = ALIGN (0x2)
                0x00000062                __trampolines_start = .
 *(.trampolines)
 .trampolines   0x00000062        0x0 linker stubs
 *(.trampolines*)
                0x00000062                __trampolines_end = .
 *(.progmem*)
                0x00000062                . = ALIGN (0x2)
 *(.jumptables)
 *(.jumptables*)
 *(.lowtext)
 *(.lowtext*)
                0x00000062                __ctors_start = .
 *(.ctors)
                0x00000062                __ctors_end = .
                0x00000062                __dtors_start = .
 *(.dtors)
                0x00000062                __dtors_end = .
 SORT(*)(.ctors)
 SORT(*)(.dtors)
 *(.init0)
 .init0         0x00000062        0x0 c:/program files (x86)/atmel/atmel toolchain/avr8 gcc/native/3.4.1061/avr8-gnu-toolchain/bin/../lib/gcc/avr/4.8.1/../../../../avr/lib/avr5/crtm32a.o
                0x00000062                __init
 *(.init0)
 *(.init1)
 *(.init1)
 *(.init2)
 .init2         0x00000062        0xc c:/program files (x86)/atmel/atmel toolchain/avr8 gcc/native/3.4.1061/avr8-gnu-toolchain/bin/../lib/gcc/avr/4.8.1/../../../../avr/lib/avr5/crtm32a.o
 *(.init2)
 *(.init3)
 *(.init3)
 *(.init4)
 .init4         0x0000006e       0x16 c:/program files (x86)/atmel/atmel toolchain/avr8 gcc/native/3.4.1061/avr8-gnu-toolchain/bin/../lib/gcc/avr/4.8.1/avr5\libgcc.a(_copy_data.o)
                0x0000006e                __do_copy_data
 .init4         0x00000084       0x10 c:/program files (x86)/atmel/atmel toolchain/avr8 gcc/native/3.4.1061/avr8-gnu-toolchain/bin/../lib/gcc/avr/4.8.1/avr5\libgcc.a(_clear_bss.o)
                0x00000084                __do_clear_bss
 *(.init4)
 *(.init5)
 *(.init5)
 *(.init6)
 *(.init6)
 *(.init7)
 *(.init7)
 *(.init8)
 *(.init8)
 *(.init9)
 .init9         0x00000094        0x8 c:/program files (x86)/atmel/atmel toolchain/avr8 gcc/native/3.4.1061/avr8-gnu-toolchain/bin/../lib/gcc/avr/4.8.1/../../../../avr/lib/avr5/crtm32a.o
 *(.init9)
 *(.text)
 .text          0x0000009c        0x4 c:/program files (x86)/atmel/atmel toolchain/avr8 gcc/native/3.4.1061/avr8-gnu-toolchain/bin/../lib/gcc/avr/4.8.1/../../../../avr/lib/avr5/crtm32a.o
                0x0000009c                __vector_1
                0x0000009c                __vector_12
                0x0000009c                __bad_interrupt
                0x0000009c                __vector_6
                0x0000009c                __vector_3
                0x0000009c                __vector_13
                0x0000009c                __vector_17
                0x0000009c                __vector_19
                0x0000009c                __vector_7
                0x0000009c                __vector_4
                0x0000009c                __vector_2
                0x0000009c                __vector_15
                0x0000009c                __vector_8
                0x0000009c                __vector_14
                0x0000009c                __vector_10
                0x0000009c                __vector_16
                0x0000009c                __vector_18
                0x0000009c                __vector_20
                0x000000a0                . = ALIGN (0x2)
 *(.text.*)
 .text.CPUSleep_Init
                0x000000a0        0xa MCAL/CPUSLEEP/CPUSleep.o
                0x000000a0                CPUSleep_Init
 .text.CPUSleep_enable
                0x000000aa        0xc MCAL/CPUSLEEP/CPUSleep.o
                0x000000aa                CPUSleep_enable
 .text.CPUSleep_setMode
                0x000000b6       0x18 MCAL/CPUSLEEP/CPUSleep.o
                0x000000b6                CPUSleep_setMode
 .text.DIO_init
                0x000000ce       0xc4 MCAL/DIO/DIO.o
                0x000000ce                DIO_init
 .text.DIO_Write
                0x00000192       0x8e MCAL/DIO/DIO.o
                0x00000192                DIO_Write
 .text.DIO_Toggle
                0x00000220       0x3c MCAL/DIO/DIO.o
                0x00000220                DIO_Toggle
 .text.Timer_Init
                0x0000025c      0x23e MCAL/Timer/Timer.o
                0x0000025c                Timer_Init
 .text.Timer_Start
                0x0000049a       0xc0 MCAL/Timer/Timer.o
                0x0000049a                Timer_Start
 .text.Timer_Stop
                0x0000055a       0x52 MCAL/Timer/Timer.o
                0x0000055a                Timer_Stop
 .text.__vector_11
                0x000005ac       0x52 MCAL/Timer/Timer.o
                0x000005ac                __vector_11
 .text.__vector_9
                0x000005fe       0x52 MCAL/Timer/Timer.o
                0x000005fe                __vector_9
 .text.__vector_5
                0x00000650       0x52 MCAL/Timer/Timer.o
                0x00000650                __vector_5
 .text.LED0     0x000006a2        0xa main.o
                0x000006a2                LED0
 .text.LED1     0x000006ac        0xa main.o
                0x000006ac                LED1
 .text.LED2     0x000006b6        0xa main.o
                0x000006b6                LED2
 .text.LED3     0x000006c0        0xa main.o
                0x000006c0                LED3
 .text.LED4     0x000006ca        0xa main.o
                0x000006ca                LED4
 .text.LED5     0x000006d4        0xa main.o
                0x000006d4                LED5
 .text.LED6     0x000006de        0xa main.o
                0x000006de                LED6
 .text.LED7     0x000006e8        0xa main.o
                0x000006e8                LED7
 .text.main     0x000006f2       0xb2 main.o
                0x000006f2                main
 .text.TIMER_CBK
                0x000007a4       0x18 SL/TMU/TMU.o
                0x000007a4                TIMER_CBK
 .text.TMU_Init
                0x000007bc       0x96 SL/TMU/TMU.o
                0x000007bc                TMU_Init
 .text.TMU_Start
                0x00000852       0x5c SL/TMU/TMU.o
                0x00000852                TMU_Start
 .text.TMU_Dispatcher
                0x000008ae       0xe2 SL/TMU/TMU.o
                0x000008ae                TMU_Dispatcher
 .text.libgcc   0x00000990        0xc c:/program files (x86)/atmel/atmel toolchain/avr8 gcc/native/3.4.1061/avr8-gnu-toolchain/bin/../lib/gcc/avr/4.8.1/avr5\libgcc.a(_tablejump.o)
                0x00000990                __tablejump2__
                0x00000994                __tablejump__
                0x0000099c                . = ALIGN (0x2)
 *(.fini9)
 .fini9         0x0000099c        0x0 c:/program files (x86)/atmel/atmel toolchain/avr8 gcc/native/3.4.1061/avr8-gnu-toolchain/bin/../lib/gcc/avr/4.8.1/avr5\libgcc.a(_exit.o)
                0x0000099c                _exit
                0x0000099c                exit
 *(.fini9)
 *(.fini8)
 *(.fini8)
 *(.fini7)
 *(.fini7)
 *(.fini6)
 *(.fini6)
 *(.fini5)
 *(.fini5)
 *(.fini4)
 *(.fini4)
 *(.fini3)
 *(.fini3)
 *(.fini2)
 *(.fini2)
 *(.fini1)
 *(.fini1)
 *(.fini0)
 .fini0         0x0000099c        0x4 c:/program files (x86)/atmel/atmel toolchain/avr8 gcc/native/3.4.1061/avr8-gnu-toolchain/bin/../lib/gcc/avr/4.8.1/avr5\libgcc.a(_exit.o)
 *(.fini0)
                0x000009a0                _etext = .

.data           0x00800060        0x4 load address 0x000009a0
                0x00800060                PROVIDE (__data_start, .)
 *(.data)
 *(.data*)
 .data.gu8_timerStarted
                0x00800060        0x1 SL/TMU/TMU.o
 .data.gu8_TMU_Status
                0x00800061        0x1 SL/TMU/TMU.o
 .data.TMU_Info
                0x00800062        0x2 SL/TMU/TMU_LCfg.o
                0x00800062                TMU_Info
 *(.rodata)
 *(.rodata*)
 *(.gnu.linkonce.d*)
                0x00800064                . = ALIGN (0x2)
                0x00800064                _edata = .
                0x00800064                PROVIDE (__data_end, .)

.bss            0x00800064       0x59
                0x00800064                PROVIDE (__bss_start, .)
 *(.bss)
 *(.bss*)
 .bss.gu8_CPUSleep_mode
                0x00800064        0x1 MCAL/CPUSLEEP/CPUSleep.o
 .bss.CPUSleep_status
                0x00800065        0x1 MCAL/CPUSLEEP/CPUSleep.o
 .bss.TIMER_OVF_CBK_PTR
                0x00800066        0x6 MCAL/Timer/Timer.o
                0x00800066                TIMER_OVF_CBK_PTR
 .bss.gu8_started_state
                0x0080006c        0x3 MCAL/Timer/Timer.o
 .bss.gu8_TimerPrescaler
                0x0080006f        0x3 MCAL/Timer/Timer.o
 .bss.gu8_bufferCounter
                0x00800072        0x1 SL/TMU/TMU.o
 .bss.gastr_TMU_Buffer
                0x00800073       0x46 SL/TMU/TMU.o
 .bss.gu8_TMU_DispatcherFlag
                0x008000b9        0x1 SL/TMU/TMU.o
 .bss.gu16_TMU_TimerCount
                0x008000ba        0x2 SL/TMU/TMU.o
 .bss.gu8_TMU_TIMER_CH
                0x008000bc        0x1 SL/TMU/TMU.o
 *(COMMON)
                0x008000bd                PROVIDE (__bss_end, .)
                0x000009a0                __data_load_start = LOADADDR (.data)
                0x000009a4                __data_load_end = (__data_load_start + SIZEOF (.data))

.noinit         0x008000bd        0x0
                0x008000bd                PROVIDE (__noinit_start, .)
 *(.noinit*)
                0x008000bd                PROVIDE (__noinit_end, .)
                0x008000bd                _end = .
                0x008000bd                PROVIDE (__heap_start, .)

.eeprom         0x00810000        0x0
 *(.eeprom*)
                0x00810000                __eeprom_end = .

.fuse
 *(.fuse)
 *(.lfuse)
 *(.hfuse)
 *(.efuse)

.lock
 *(.lock*)

.signature
 *(.signature*)

.user_signatures
 *(.user_signatures*)

.stab
 *(.stab)

.stabstr
 *(.stabstr)

.stab.excl
 *(.stab.excl)

.stab.exclstr
 *(.stab.exclstr)

.stab.index
 *(.stab.index)

.stab.indexstr
 *(.stab.indexstr)

.comment        0x00000000       0x30
 *(.comment)
 .comment       0x00000000       0x30 MCAL/CPUSLEEP/CPUSleep.o
                                 0x31 (size before relaxing)
 .comment       0x00000000       0x31 MCAL/DIO/DIO.o
 .comment       0x00000000       0x31 MCAL/Timer/Timer.o
 .comment       0x00000000       0x31 main.o
 .comment       0x00000000       0x31 SL/TMU/TMU.o
 .comment       0x00000000       0x31 SL/TMU/TMU_LCfg.o

.note.gnu.build-id
 *(.note.gnu.build-id)

.debug
 *(.debug)

.line
 *(.line)

.debug_srcinfo
 *(.debug_srcinfo)

.debug_sfnames
 *(.debug_sfnames)

.debug_aranges  0x00000000      0x190
 *(.debug_aranges)
 .debug_aranges
                0x00000000       0x40 MCAL/CPUSLEEP/CPUSleep.o
 .debug_aranges
                0x00000040       0x38 MCAL/DIO/DIO.o
 .debug_aranges
                0x00000078       0x58 MCAL/Timer/Timer.o
 .debug_aranges
                0x000000d0       0x60 main.o
 .debug_aranges
                0x00000130       0x48 SL/TMU/TMU.o
 .debug_aranges
                0x00000178       0x18 SL/TMU/TMU_LCfg.o

.debug_pubnames
 *(.debug_pubnames)

.debug_info     0x00000000      0xffe
 *(.debug_info .gnu.linkonce.wi.*)
 .debug_info    0x00000000      0x147 MCAL/CPUSLEEP/CPUSleep.o
 .debug_info    0x00000147      0x1dd MCAL/DIO/DIO.o
 .debug_info    0x00000324      0x2fc MCAL/Timer/Timer.o
 .debug_info    0x00000620      0x506 main.o
 .debug_info    0x00000b26      0x42e SL/TMU/TMU.o
 .debug_info    0x00000f54       0xaa SL/TMU/TMU_LCfg.o

.debug_abbrev   0x00000000      0x5ee
 *(.debug_abbrev)
 .debug_abbrev  0x00000000       0xa4 MCAL/CPUSLEEP/CPUSleep.o
 .debug_abbrev  0x000000a4       0xd1 MCAL/DIO/DIO.o
 .debug_abbrev  0x00000175      0x124 MCAL/Timer/Timer.o
 .debug_abbrev  0x00000299      0x119 main.o
 .debug_abbrev  0x000003b2      0x1dc SL/TMU/TMU.o
 .debug_abbrev  0x0000058e       0x60 SL/TMU/TMU_LCfg.o

.debug_line     0x00000000      0x687
 *(.debug_line .debug_line.* .debug_line_end)
 .debug_line    0x00000000       0xb0 MCAL/CPUSLEEP/CPUSleep.o
 .debug_line    0x000000b0      0x156 MCAL/DIO/DIO.o
 .debug_line    0x00000206      0x195 MCAL/Timer/Timer.o
 .debug_line    0x0000039b      0x131 main.o
 .debug_line    0x000004cc      0x162 SL/TMU/TMU.o
 .debug_line    0x0000062e       0x59 SL/TMU/TMU_LCfg.o

.debug_frame    0x00000000      0x390
 *(.debug_frame)
 .debug_frame   0x00000000       0x64 MCAL/CPUSLEEP/CPUSleep.o
 .debug_frame   0x00000064       0x54 MCAL/DIO/DIO.o
 .debug_frame   0x000000b8      0x178 MCAL/Timer/Timer.o
 .debug_frame   0x00000230       0xb4 main.o
 .debug_frame   0x000002e4       0xac SL/TMU/TMU.o

.debug_str      0x00000000      0x50f
 *(.debug_str)
 .debug_str     0x00000000      0x1a3 MCAL/CPUSLEEP/CPUSleep.o
                                0x1dc (size before relaxing)
 .debug_str     0x000001a3       0x61 MCAL/DIO/DIO.o
                                0x1aa (size before relaxing)
 .debug_str     0x00000204      0x147 MCAL/Timer/Timer.o
                                0x290 (size before relaxing)
 .debug_str     0x0000034b       0x64 main.o
                                0x20b (size before relaxing)
 .debug_str     0x000003af      0x14b SL/TMU/TMU.o
                                0x33a (size before relaxing)
 .debug_str     0x000004fa       0x15 SL/TMU/TMU_LCfg.o
                                0x18c (size before relaxing)

.debug_loc      0x00000000      0xf2d
 *(.debug_loc)
 .debug_loc     0x00000000       0x30 MCAL/CPUSLEEP/CPUSleep.o
 .debug_loc     0x00000030      0x5c5 MCAL/DIO/DIO.o
 .debug_loc     0x000005f5      0x53b MCAL/Timer/Timer.o
 .debug_loc     0x00000b30       0x48 main.o
 .debug_loc     0x00000b78      0x3b5 SL/TMU/TMU.o

.debug_macinfo
 *(.debug_macinfo)

.debug_weaknames
 *(.debug_weaknames)

.debug_funcnames
 *(.debug_funcnames)

.debug_typenames
 *(.debug_typenames)

.debug_varnames
 *(.debug_varnames)

.debug_pubtypes
 *(.debug_pubtypes)

.debug_ranges   0x00000000      0x140
 *(.debug_ranges)
 .debug_ranges  0x00000000       0x30 MCAL/CPUSLEEP/CPUSleep.o
 .debug_ranges  0x00000030       0x28 MCAL/DIO/DIO.o
 .debug_ranges  0x00000058       0x48 MCAL/Timer/Timer.o
 .debug_ranges  0x000000a0       0x50 main.o
 .debug_ranges  0x000000f0       0x50 SL/TMU/TMU.o

.debug_macro
 *(.debug_macro)
OUTPUT(TMU.elf elf32-avr)
LOAD linker stubs
